[2025-11-10 10:35:14.998] [INFO] [SYSTEM] - Logger inicializado | Archivo: 2025-11-10_process_103514.log
[2025-11-10 10:35:15.007] [INFO] [MAIN] - Iniciando proceso
[2025-11-10 10:35:27.938] [INFO] [AUTH] - Iniciando login | Hora de inicio: 10:35:27.938849 AM
[2025-11-10 10:35:31.803] [INFO] [AUTH] - Navegación: Seleccionado 'Monitor EDC'
[2025-11-10 10:35:32.520] [INFO] [AUTH] - Credenciales enviadas | 3395/t57973
[2025-11-10 10:35:34.716] [INFO] [AUTH] - Login exitoso | Redirección completada
[2025-11-10 10:35:35.374] [INFO] [SEMANAL] - Preparando descarga semanal (2025-11-03 a 2025-11-09)
[2025-11-10 10:35:36.166] [INFO] [DESCARGA] - Abriendo panel de filtros...
[2025-11-10 10:35:36.166] [INFO] [BUSCADOR] - Verificando visibilidad del panel de filtros...
[2025-11-10 10:35:36.186] [INFO] [BUSCADOR] - Panel de filtros está cerrado. Procediendo a abrir...
[2025-11-10 10:35:36.543] [INFO] [BUSCADOR] - Panel de filtros abierto correctamente.
[2025-11-10 10:35:36.544] [INFO] [DESCARGA] - Seleccionando cadena CHEDRAUI...
[2025-11-10 10:35:36.606] [INFO] [DESCARGA] - Configurando filtros para 2025-11-03 a 2025-11-09
[2025-11-10 10:35:36.607] [INFO] [BUSCADOR] - Configurando fechas: desde='2025-11-03', hasta='2025-11-09'
[2025-11-10 10:35:37.167] [INFO] [BUSCADOR] - Fechas establecidas en el DOM: desde='2025-11-03', hasta='2025-11-09'
[2025-11-10 10:35:37.168] [INFO] [DESCARGA] - Ejecutando búsqueda...
[2025-11-10 10:35:42.734] [INFO] [BUSCADOR] - Configurando paginación a 'Todos'
[2025-11-10 10:35:43.890] [INFO] [DESCARGA] - Iniciando descarga en \\Srvcomplan\oc
[2025-11-10 10:35:43.891] [DEBUG] [DOWNLOAD] - Parámetros recibidos: Carpeta=\\Srvcomplan\oc | Fechas=2025-11-03→2025-11-09
[2025-11-10 10:35:45.218] [INFO] [DOWNLOAD] - Iniciando descarga de 74 archivos
[2025-11-10 10:35:45.632] [INFO] [DOWNLOAD] - OC X3KNX4 descargada directamente
[2025-11-10 10:35:46.953] [INFO] [DOWNLOAD] - OC X3KNXT descargada directamente
[2025-11-10 10:35:48.263] [INFO] [DOWNLOAD] - OC X3KNYX descargada directamente
[2025-11-10 10:35:49.583] [INFO] [DOWNLOAD] - OC X3KO1R descargada directamente
[2025-11-10 10:35:50.916] [INFO] [DOWNLOAD] - OC X3KOIJ descargada directamente
[2025-11-10 10:35:52.245] [INFO] [DOWNLOAD] - OC X3KOL2 descargada directamente
[2025-11-10 10:35:53.513] [INFO] [DOWNLOAD] - OC X3KON6 descargada directamente
[2025-11-10 10:35:54.834] [INFO] [DOWNLOAD] - OC X3KOQO descargada directamente
[2025-11-10 10:35:56.095] [INFO] [DOWNLOAD] - OC X3KOTT descargada directamente
[2025-11-10 10:35:57.403] [INFO] [DOWNLOAD] - OC X3KOY8 descargada directamente
[2025-11-10 10:35:58.746] [INFO] [DOWNLOAD] - OC X3KP0V descargada directamente
[2025-11-10 10:36:00.079] [INFO] [DOWNLOAD] - OC X3KPJ4 descargada directamente
[2025-11-10 10:36:01.448] [INFO] [DOWNLOAD] - OC X3KPKS descargada directamente
[2025-11-10 10:36:02.792] [INFO] [DOWNLOAD] - OC X3KPND descargada directamente
[2025-11-10 10:36:04.123] [INFO] [DOWNLOAD] - OC X3KPOJ descargada directamente
[2025-11-10 10:36:05.673] [INFO] [DOWNLOAD] - OC X3KPQY descargada directamente
[2025-11-10 10:36:07.049] [INFO] [DOWNLOAD] - OC X3KPU4 descargada directamente
[2025-11-10 10:36:08.413] [INFO] [DOWNLOAD] - OC X3KQ34 descargada directamente
[2025-11-10 10:36:09.717] [INFO] [DOWNLOAD] - OC X3KQL2 descargada directamente
[2025-11-10 10:36:11.044] [INFO] [DOWNLOAD] - OC X3KQN5 descargada directamente
[2025-11-10 10:36:12.335] [INFO] [DOWNLOAD] - OC X3KQOP descargada directamente
[2025-11-10 10:36:13.649] [INFO] [DOWNLOAD] - OC X3KRKU descargada directamente
[2025-11-10 10:36:14.968] [INFO] [DOWNLOAD] - OC X3KRPB descargada directamente
[2025-11-10 10:36:16.252] [INFO] [DOWNLOAD] - OC X3KRQJ descargada directamente
[2025-11-10 10:36:17.576] [INFO] [DOWNLOAD] - OC X3KRTK descargada directamente
[2025-11-10 10:36:18.895] [INFO] [DOWNLOAD] - OC X3KS06 descargada directamente
[2025-11-10 10:36:20.200] [INFO] [DOWNLOAD] - OC X3KS3X descargada directamente
[2025-11-10 10:36:21.666] [INFO] [DOWNLOAD] - OC X3KS4G descargada directamente
[2025-11-10 10:36:23.066] [INFO] [DOWNLOAD] - OC X3KS73 descargada directamente
[2025-11-10 10:36:24.385] [INFO] [DOWNLOAD] - OC X3KS9S descargada directamente
[2025-11-10 10:36:25.887] [INFO] [DOWNLOAD] - OC X3KSD1 descargada directamente
[2025-11-10 10:36:27.190] [INFO] [DOWNLOAD] - OC X3KSEU descargada directamente
[2025-11-10 10:36:28.499] [INFO] [DOWNLOAD] - OC X3KSPN descargada directamente
[2025-11-10 10:36:29.839] [INFO] [DOWNLOAD] - OC X3KSPT descargada directamente
[2025-11-10 10:36:31.120] [INFO] [DOWNLOAD] - OC X3KSRV descargada directamente
[2025-11-10 10:36:32.446] [INFO] [DOWNLOAD] - OC X3KSSE descargada directamente
[2025-11-10 10:36:33.783] [INFO] [DOWNLOAD] - OC X3KSSU descargada directamente
[2025-11-10 10:36:35.112] [INFO] [DOWNLOAD] - OC X3KSTM descargada directamente
[2025-11-10 10:36:36.421] [INFO] [DOWNLOAD] - OC X3KTH8 descargada directamente
[2025-11-10 10:36:37.745] [INFO] [DOWNLOAD] - OC X3KTP4 descargada directamente
[2025-11-10 10:36:39.047] [INFO] [DOWNLOAD] - OC X3KTPV descargada directamente
[2025-11-10 10:36:40.337] [INFO] [DOWNLOAD] - OC X3KTRN descargada directamente
[2025-11-10 10:36:41.644] [INFO] [DOWNLOAD] - OC X3KTTX descargada directamente
[2025-11-10 10:36:42.945] [INFO] [DOWNLOAD] - OC X3KTX2 descargada directamente
[2025-11-10 10:36:44.240] [INFO] [DOWNLOAD] - OC X3KTZY descargada directamente
[2025-11-10 10:36:45.530] [INFO] [DOWNLOAD] - OC X3KU38 descargada directamente
[2025-11-10 10:36:46.856] [INFO] [DOWNLOAD] - OC X3KU60 descargada directamente
[2025-11-10 10:36:48.172] [INFO] [DOWNLOAD] - OC X3KU86 descargada directamente
[2025-11-10 10:36:49.463] [INFO] [DOWNLOAD] - OC X3KUAT descargada directamente
[2025-11-10 10:36:50.779] [INFO] [DOWNLOAD] - OC X3KUFI descargada directamente
[2025-11-10 10:36:52.096] [INFO] [DOWNLOAD] - OC X3KUFL descargada directamente
[2025-11-10 10:36:53.394] [INFO] [DOWNLOAD] - OC X3KV0E descargada directamente
[2025-11-10 10:36:54.713] [INFO] [DOWNLOAD] - OC X3KV4K descargada directamente
[2025-11-10 10:36:56.048] [INFO] [DOWNLOAD] - OC X3KV5V descargada directamente
[2025-11-10 10:36:57.353] [INFO] [DOWNLOAD] - OC X3KV9L descargada directamente
[2025-11-10 10:36:58.675] [INFO] [DOWNLOAD] - OC X3KVD6 descargada directamente
[2025-11-10 10:36:59.977] [INFO] [DOWNLOAD] - OC X3KVGV descargada directamente
[2025-11-10 10:37:01.309] [INFO] [DOWNLOAD] - OC X3KVIN descargada directamente
[2025-11-10 10:37:02.627] [INFO] [DOWNLOAD] - OC X3KVJB descargada directamente
[2025-11-10 10:37:03.965] [INFO] [DOWNLOAD] - OC X3KVJG descargada directamente
[2025-11-10 10:37:05.583] [INFO] [DOWNLOAD] - OC X3KVLI descargada directamente
[2025-11-10 10:37:06.881] [INFO] [DOWNLOAD] - OC X3KVV4 descargada directamente
[2025-11-10 10:37:08.201] [INFO] [DOWNLOAD] - OC X3KW9Y descargada directamente
[2025-11-10 10:37:09.529] [INFO] [DOWNLOAD] - OC X3KWAL descargada directamente
[2025-11-10 10:37:10.823] [INFO] [DOWNLOAD] - OC X3KWB5 descargada directamente
[2025-11-10 10:37:12.070] [INFO] [DOWNLOAD] - OC X3KWC5 descargada directamente
[2025-11-10 10:37:13.358] [INFO] [DOWNLOAD] - OC X3KWD8 descargada directamente
[2025-11-10 10:37:14.619] [INFO] [DOWNLOAD] - OC X3KWDH descargada directamente
[2025-11-10 10:37:15.891] [INFO] [DOWNLOAD] - OC X3KWDO descargada directamente
[2025-11-10 10:37:17.214] [INFO] [DOWNLOAD] - OC X3KWEI descargada directamente
[2025-11-10 10:37:18.523] [INFO] [DOWNLOAD] - OC X3KWEJ descargada directamente
[2025-11-10 10:37:19.835] [INFO] [DOWNLOAD] - OC X3KWH1 descargada directamente
[2025-11-10 10:37:21.101] [INFO] [DOWNLOAD] - OC X3KWR1 descargada directamente
[2025-11-10 10:37:22.402] [INFO] [DOWNLOAD] - OC X3KWTS descargada directamente
[2025-11-10 10:37:24.240] [INFO] [DOWNLOAD] - Descarga completada en \\Srvcomplan\oc
[2025-11-10 10:37:24.242] [INFO] [DESCARGA] - Proceso de descarga completado
[2025-11-10 10:37:24.242] [INFO] [SEMANAL] - Descarga semanal completada
[2025-11-10 10:37:25.529] [INFO] [MAIN] - Proceso completado exitosamente
